// Jest Snapshot v1, https://goo.gl/fbAQLP

exports[`matches snapshot. 1`] = `
<ul
  className="smlinks"
>
  <li>
    <svg
      className="smlink"
      fill="currentColor"
      height="1em"
      preserveAspectRatio="xMidYMid meet"
      style={
        Object {
          "color": undefined,
          "verticalAlign": "middle",
        }
      }
      viewBox="0 0 40 40"
      width="1em"
    >
      <g>
        <path
          d="m20 0c-11 0-20 9-20 20 0 8.8 5.7 16.3 13.7 19 1 0.2 1.3-0.5 1.3-1 0-0.5 0-2 0-3.7-5.5 1.2-6.7-2.4-6.7-2.4-0.9-2.3-2.2-2.9-2.2-2.9-1.9-1.2 0.1-1.2 0.1-1.2 2 0.1 3.1 2.1 3.1 2.1 1.7 3 4.6 2.1 5.8 1.6 0.2-1.3 0.7-2.2 1.3-2.7-4.5-0.5-9.2-2.2-9.2-9.8 0-2.2 0.8-4 2.1-5.4-0.2-0.5-0.9-2.6 0.2-5.3 0 0 1.7-0.5 5.5 2 1.6-0.4 3.3-0.6 5-0.6 1.7 0 3.4 0.2 5 0.7 3.8-2.6 5.5-2.1 5.5-2.1 1.1 2.8 0.4 4.8 0.2 5.3 1.3 1.4 2.1 3.2 2.1 5.4 0 7.6-4.7 9.3-9.2 9.8 0.7 0.6 1.4 1.9 1.4 3.7 0 2.7 0 4.9 0 5.5 0 0.6 0.3 1.2 1.3 1 8-2.7 13.7-10.2 13.7-19 0-11-9-20-20-20z"
        />
      </g>
    </svg>
  </li>
  <li>
    <svg
      className="smlink"
      fill="currentColor"
      height="1em"
      preserveAspectRatio="xMidYMid meet"
      style={
        Object {
          "color": undefined,
          "verticalAlign": "middle",
        }
      }
      viewBox="0 0 40 40"
      width="1em"
    >
      <g>
        <path
          d="m30.9 2.9q2.6 0 4.5 1.8t1.9 4.6v21.4q0 2.7-1.9 4.6t-4.5 1.8h-4.2v-13.2h4.4l0.7-5.2h-5.1v-3.3q0-1.3 0.5-1.9t2-0.6l2.8 0v-4.7q-1.5-0.2-4-0.2-3.1 0-4.9 1.8t-1.8 5.1v3.8h-4.5v5.2h4.5v13.2h-11.9q-2.6 0-4.5-1.8t-1.9-4.6v-21.4q0-2.7 1.9-4.6t4.5-1.8h21.5z"
        />
      </g>
    </svg>
  </li>
  <li>
    <svg
      className="smlink"
      fill="currentColor"
      height="1em"
      preserveAspectRatio="xMidYMid meet"
      style={
        Object {
          "color": undefined,
          "verticalAlign": "middle",
        }
      }
      viewBox="0 0 40 40"
      width="1em"
    >
      <g>
        <path
          d="m8.3 31.6h5.1v-15.5h-5.1v15.5z m5.5-20.3q0-1.2-0.8-1.9t-2.1-0.8-2.1 0.8-0.8 1.9q0 1.1 0.8 1.9t2 0.8h0.1q1.3 0 2.1-0.8t0.8-1.9z m13 20.3h5.2v-8.9q0-3.5-1.6-5.2t-4.3-1.8q-3.1 0-4.7 2.6h0v-2.2h-5.1q0 1.4 0 15.5h5.1v-8.7q0-0.8 0.2-1.2 0.3-0.8 1-1.4t1.7-0.5q2.5 0 2.5 3.5v8.3z m10.5-22.3v21.4q0 2.7-1.9 4.6t-4.5 1.8h-21.5q-2.6 0-4.5-1.8t-1.9-4.6v-21.4q0-2.7 1.9-4.6t4.5-1.8h21.5q2.6 0 4.5 1.8t1.9 4.6z"
        />
      </g>
    </svg>
  </li>
  <li>
    <svg
      className="smlink"
      fill="currentColor"
      height="1em"
      preserveAspectRatio="xMidYMid meet"
      style={
        Object {
          "color": undefined,
          "verticalAlign": "middle",
        }
      }
      viewBox="0 0 40 40"
      width="1em"
    >
      <g>
        <path
          d="m37.7 9.1q-1.5 2.2-3.7 3.7 0.1 0.3 0.1 1 0 2.9-0.9 5.8t-2.6 5.5-4.1 4.7-5.7 3.3-7.2 1.2q-6.1 0-11.1-3.3 0.8 0.1 1.7 0.1 5 0 9-3-2.4-0.1-4.2-1.5t-2.6-3.5q0.8 0.1 1.4 0.1 1 0 1.9-0.3-2.5-0.5-4.1-2.5t-1.7-4.6v0q1.5 0.8 3.3 0.9-1.5-1-2.4-2.6t-0.8-3.4q0-2 0.9-3.7 2.7 3.4 6.6 5.4t8.3 2.2q-0.2-0.9-0.2-1.7 0-3 2.1-5.1t5.1-2.1q3.2 0 5.3 2.3 2.4-0.5 4.6-1.7-0.8 2.5-3.2 3.9 2.1-0.2 4.2-1.1z"
        />
      </g>
    </svg>
  </li>
  <li>
    <svg
      className="smlink"
      fill="currentColor"
      height="1em"
      preserveAspectRatio="xMidYMid meet"
      style={
        Object {
          "color": undefined,
          "verticalAlign": "middle",
        }
      }
      viewBox="0 0 40 40"
      width="1em"
    >
      <g>
        <path
          d="m25.2 20.3q0 3.6-1.6 6.5t-4.3 4.4-6.5 1.6q-2.6 0-5-1t-4.1-2.7-2.7-4.1-1-5 1-5 2.7-4.1 4.1-2.7 5-1q5 0 8.6 3.3l-3.5 3.4q-2-2-5.1-2-2.1 0-4 1.1t-2.8 2.9-1.1 4.1 1.1 4.1 2.8 2.9 4 1.1q1.5 0 2.7-0.4t2-1 1.4-1.4 0.8-1.4 0.4-1.3h-7.3v-4.4h12.1q0.3 1.1 0.3 2.1z m15.1-2.1v3.6h-3.6v3.7h-3.7v-3.7h-3.7v-3.6h3.7v-3.7h3.7v3.7h3.6z"
        />
      </g>
    </svg>
  </li>
</ul>
`;
