// Jest Snapshot v1, https://goo.gl/fbAQLP

exports[`matches snapshot. 1`] = `
<BrowserRouter
  basename="/pf-webapp"
>
  <div
    className="container"
  >
    <div
      className="navtop"
    >
      <navBar
        routes={
          Object {
            "/emailme": "Email Me",
            "/projects": "Projects",
          }
        }
      />
    </div>
    <Switch>
      <Route
        path="/projects"
        render={[Function]}
      />
      <Route
        path="/emailme"
        render={[Function]}
      />
      <Redirect
        push={false}
        to="/emailme"
      />
    </Switch>
    <div
      className="navbottom"
    >
      <Switch>
        <Route
          path="/projects"
          render={[Function]}
        />
        <Route
          component={[Function]}
          path="/emailme"
        />
      </Switch>
    </div>
  </div>
</BrowserRouter>
`;
