// Jest Snapshot v1, https://goo.gl/fbAQLP

exports[`matches snapshot. 1`] = `
<ul
  className="list"
>
  <li>
    <a
      aria-current={null}
      className={undefined}
      href="/url1"
      onClick={[Function]}
      style={undefined}
    >
      <svg
        fill="currentColor"
        height="1em"
        preserveAspectRatio="xMidYMid meet"
        style={
          Object {
            "color": undefined,
            "verticalAlign": "middle",
          }
        }
        viewBox="0 0 40 40"
        width="1em"
      >
        <g>
          <path
            d="m37.3 20q0 4.7-2.3 8.6t-6.3 6.2-8.6 2.3-8.6-2.3-6.2-6.2-2.3-8.6 2.3-8.6 6.2-6.2 8.6-2.3 8.6 2.3 6.3 6.2 2.3 8.6z"
          />
        </g>
      </svg>
    </a>
  </li>
  <li>
    <a
      aria-current={null}
      className={undefined}
      href="/url2"
      onClick={[Function]}
      style={undefined}
    >
      <svg
        fill="currentColor"
        height="1em"
        preserveAspectRatio="xMidYMid meet"
        style={
          Object {
            "color": undefined,
            "verticalAlign": "middle",
          }
        }
        viewBox="0 0 40 40"
        width="1em"
      >
        <g>
          <path
            d="m37.3 20q0 4.7-2.3 8.6t-6.3 6.2-8.6 2.3-8.6-2.3-6.2-6.2-2.3-8.6 2.3-8.6 6.2-6.2 8.6-2.3 8.6 2.3 6.3 6.2 2.3 8.6z"
          />
        </g>
      </svg>
    </a>
  </li>
</ul>
`;
