// Jest Snapshot v1, https://goo.gl/fbAQLP

exports[`<Cover/> matches snapshot. 1`] = `
<div
  className="container lifted"
>
  <div
    className="title"
  >
    <h1>
      Arkady Titenko
    </h1>
    <p>
      Software Engineer, Web Developer, Game Designer
    </p>
  </div>
</div>
`;
